2023-02-01 19:45:14,650 23926 INFO ? odoo: Odoo version 12.0 
2023-02-01 19:45:14,650 23926 INFO ? odoo: Using configuration file at /home/odoo/12.0/zerobug-test/test_testenv/tests/logs/zero12.zerobug-test.test_testenv.conf 
2023-02-01 19:45:14,650 23926 INFO ? odoo: addons paths: ['/home/odoo/.local/share/Odoo12/addons/12.0', '/home/odoo/12.0/odoo/addons', '/home/odoo/12.0/addons', '/home/odoo/.local/share/Odoo12/addons', '/home/odoo/12.0/account-analytic', '/home/odoo/12.0/account-budgeting', '/home/odoo/12.0/account-closing', '/home/odoo/12.0/account-consolidation', '/home/odoo/12.0/account-financial-reporting', '/home/odoo/12.0/account-financial-tools', '/home/odoo/12.0/account-fiscal-rule', '/home/odoo/12.0/account-invoice-reporting', '/home/odoo/12.0/account-invoicing', '/home/odoo/12.0/account-payment', '/home/odoo/12.0/account-reconcile', '/home/odoo/12.0/accounting', '/home/odoo/12.0/apps-store', '/home/odoo/12.0/bank-payment', '/home/odoo/12.0/bank-statement-import', '/home/odoo/12.0/brand', '/home/odoo/12.0/business-requirement', '/home/odoo/12.0/calendar', '/home/odoo/12.0/commission', '/home/odoo/12.0/community-data-files', '/home/odoo/12.0/connector', '/home/odoo/12.0/contract', '/home/odoo/12.0/credit-control', '/home/odoo/12.0/crm', '/home/odoo/12.0/currency', '/home/odoo/12.0/custom-addons', '/home/odoo/12.0/data-protection', '/home/odoo/12.0/ddmrp', '/home/odoo/12.0/delivery-carrier', '/home/odoo/12.0/dms', '/home/odoo/12.0/double-trouble', '/home/odoo/12.0/e-commerce', '/home/odoo/12.0/edi', '/home/odoo/12.0/geospatial', '/home/odoo/12.0/helpdesk', '/home/odoo/12.0/hr', '/home/odoo/12.0/intrastat-extrastat', '/home/odoo/12.0/iot', '/home/odoo/12.0/knowledge', '/home/odoo/12.0/l10n-italy', '/home/odoo/12.0/l10n-italy-supplemental', '/home/odoo/12.0/maintenance', '/home/odoo/12.0/management-system', '/home/odoo/12.0/manufacture', '/home/odoo/12.0/manufacture-reporting', '/home/odoo/12.0/margin-analysis', '/home/odoo/12.0/mgmtsystem', '/home/odoo/12.0/mis-builder', '/home/odoo/12.0/mis-builder-contrib', '/home/odoo/12.0/multi-company', '/home/odoo/12.0/partner-contact', '/home/odoo/12.0/pos', '/home/odoo/12.0/product-attribute', '/home/odoo/12.0/product-kitting', '/home/odoo/12.0/product-pack', '/home/odoo/12.0/product-variant', '/home/odoo/12.0/profiles', '/home/odoo/12.0/project', '/home/odoo/12.0/project-agile', '/home/odoo/12.0/project-reporting', '/home/odoo/12.0/purchase-reporting', '/home/odoo/12.0/purchase-workflow', '/home/odoo/12.0/queue', '/home/odoo/12.0/report-print-send', '/home/odoo/12.0/reporting-engine', '/home/odoo/12.0/rma', '/home/odoo/12.0/sale-financial', '/home/odoo/12.0/sale-reporting', '/home/odoo/12.0/sale-workflow/sale-workflow', '/home/odoo/12.0/search-engine', '/home/odoo/12.0/server-auth', '/home/odoo/12.0/server-backend', '/home/odoo/12.0/server-brand', '/home/odoo/12.0/server-env', '/home/odoo/12.0/server-tools', '/home/odoo/12.0/server-ux', '/home/odoo/12.0/social', '/home/odoo/12.0/stock-logistics-barcode', '/home/odoo/12.0/stock-logistics-reporting', '/home/odoo/12.0/stock-logistics-tracking', '/home/odoo/12.0/stock-logistics-transport', '/home/odoo/12.0/stock-logistics-warehouse', '/home/odoo/12.0/stock-logistics-workflow', '/home/odoo/12.0/storage', '/home/odoo/12.0/timesheet', '/home/odoo/12.0/uncovered', '/home/odoo/12.0/web', '/home/odoo/12.0/webhook', '/home/odoo/12.0/webkit-tools', '/home/odoo/12.0/website', '/home/odoo/12.0/website-cms', '/home/odoo/12.0/wms', '/home/odoo/12.0/zerobug-test', '/home/odoo/12.0/venv_odoo/lib/python3.7/site-packages/odoo/addons'] 
2023-02-01 19:45:14,651 23926 INFO ? odoo: database: odoo12@localhost:default 
2023-02-01 19:45:14,756 23926 INFO ? odoo.addons.base.models.ir_actions_report: Will use the Wkhtmltopdf binary at /home/odoo/12.0/venv_odoo/bin/wkhtmltopdf 
2023-02-01 19:45:14,892 23926 INFO ? odoo.addons.server_environment.serv_config: not using server_environment_files for configuration, no directory found 
2023-02-01 19:45:14,892 23926 INFO ? odoo.addons.server_environment.serv_config: `running_env` not found. Using default = `test`. 
2023-02-01 19:45:14,892 23926 INFO ? odoo.addons.server_environment.serv_config: We strongly recommend against using the rc file but instead use an explicit config file or env variable. 
2023-02-01 19:45:14,921 23926 INFO ? odoo.service.server: HTTP service (werkzeug) running on nb200z0.:25705 
2023-02-01 19:45:14,938 23926 INFO test_test_testenv_12 odoo.modules.loading: loading 1 modules... 
2023-02-01 19:45:14,948 23926 INFO test_test_testenv_12 odoo.modules.loading: 1 modules loaded in 0.01s, 0 queries 
2023-02-01 19:45:15,081 23926 INFO test_test_testenv_12 odoo.modules.loading: updating modules list 
2023-02-01 19:45:15,083 23926 INFO test_test_testenv_12 odoo.addons.base.models.ir_module: ALLOW access to module.update_list on [] to user __system__ #1 via n/a 
2023-02-01 19:45:27,867 23926 INFO test_test_testenv_12 odoo.addons.base.models.ir_module: ALLOW access to module.button_install on ['test_testenv'] to user __system__ #1 via n/a 
2023-02-01 19:45:28,228 23926 INFO test_test_testenv_12 odoo.modules.loading: loading 31 modules... 
2023-02-01 19:45:28,652 23926 INFO test_test_testenv_12 odoo.modules.loading: 31 modules loaded in 0.42s, 0 queries 
2023-02-01 19:45:28,661 23926 INFO test_test_testenv_12 odoo.modules.loading: loading 32 modules... 
2023-02-01 19:45:29,303 23926 WARNING test_test_testenv_12 odoo.models: The model testenv.all.fields has no _description 
2023-02-01 19:45:29,525 23926 INFO test_test_testenv_12 odoo.modules.registry: module test_testenv: creating or updating database tables 
2023-02-01 19:45:29,899 23926 WARNING test_test_testenv_12 odoo.addons.base.models.ir_model: Two fields (measure, amount) of testenv.all.fields() have the same label: Amount. 
2023-02-01 19:45:30,030 23926 INFO test_test_testenv_12 odoo.modules.loading: loading test_testenv/security/ir.model.access.csv 
2023-02-01 19:45:30,082 23926 INFO test_test_testenv_12 odoo.modules.loading: loading test_testenv/views/testenv_model_view.xml 
2023-02-01 19:45:30,184 23926 INFO test_test_testenv_12 odoo.modules.loading: loading test_testenv/wizard/wizard_example_menu.xml 
2023-02-01 19:45:30,274 23926 INFO test_test_testenv_12 odoo.modules.loading: Module test_testenv: loading demo 
2023-02-01 19:45:31,813 23926 INFO test_test_testenv_12 odoo.modules.module: odoo.addons.test_testenv.tests.test_testenv running tests. 
2023-02-01 19:45:31,815 23926 INFO test_test_testenv_12 odoo.addons.test_testenv.tests.test_testenv: test_mytest (odoo.addons.test_testenv.tests.test_testenv.MyTest) 
2023-02-01 19:45:31,833 23926 INFO test_test_testenv_12 odoo.addons.test_testenv.tests.testenv: üêû  skeys[res.partner] = ['name'] 
2023-02-01 19:45:31,833 23926 INFO test_test_testenv_12 odoo.addons.test_testenv.tests.testenv: üêûfield not_exist_field does not exist in res.partner 
2023-02-01 19:45:31,833 23926 INFO test_test_testenv_12 odoo.addons.test_testenv.tests.testenv: üêûres.partner.store_resource_data(z0bug.res_partner_1,name=res.partner,group=base) 
2023-02-01 19:45:31,844 23926 INFO test_test_testenv_12 odoo.addons.test_testenv.tests.testenv: üêûres.partner.store_resource_data(z0bug.res_partner_2,name=res.partner,group=base) 
2023-02-01 19:45:31,845 23926 INFO test_test_testenv_12 odoo.addons.test_testenv.tests.test_testenv: Please, ignore field <...> does not exist in <...> 
2023-02-01 19:45:31,888 23926 INFO test_test_testenv_12 odoo.addons.test_testenv.tests.testenv: üêûfield electronic_invoice_subjected does not exist in res.partner 
2023-02-01 19:45:31,888 23926 INFO test_test_testenv_12 odoo.addons.test_testenv.tests.testenv: üêûfield codice_destinatario does not exist in res.partner 
2023-02-01 19:45:31,888 23926 INFO test_test_testenv_12 odoo.addons.test_testenv.tests.testenv: üêûres.partner.store_resource_data(z0bug.res_partner_1,name=res.partner,group=base) 
2023-02-01 19:45:31,926 23926 INFO test_test_testenv_12 odoo.addons.test_testenv.tests.testenv: üêûfield electronic_invoice_subjected does not exist in res.partner 
2023-02-01 19:45:31,926 23926 INFO test_test_testenv_12 odoo.addons.test_testenv.tests.testenv: üêûfield codice_destinatario does not exist in res.partner 
2023-02-01 19:45:31,927 23926 INFO test_test_testenv_12 odoo.addons.test_testenv.tests.testenv: üêûfield goods_description_id does not exist in res.partner 
2023-02-01 19:45:31,927 23926 INFO test_test_testenv_12 odoo.addons.test_testenv.tests.testenv: üêûfield carriage_condition_id does not exist in res.partner 
2023-02-01 19:45:31,927 23926 INFO test_test_testenv_12 odoo.addons.test_testenv.tests.testenv: üêûfield transportation_method_id does not exist in res.partner 
2023-02-01 19:45:31,927 23926 INFO test_test_testenv_12 odoo.addons.test_testenv.tests.testenv: üêûres.partner.store_resource_data(z0bug.res_partner_2,name=res.partner,group=base) 
2023-02-01 19:45:31,927 23926 INFO test_test_testenv_12 odoo.addons.test_testenv.tests.test_testenv: Now, all warning & messages are valid! 
2023-02-01 19:45:31,931 23926 INFO test_test_testenv_12 odoo.addons.test_testenv.tests.testenv: üêû  skeys[account.fiscal.position] = ['name'] 
2023-02-01 19:45:31,937 23926 INFO test_test_testenv_12 odoo.addons.test_testenv.tests.testenv: ‚ö† External reference z0bug.fiscalpos_it not found 
2023-02-01 19:45:31,939 23926 INFO test_test_testenv_12 odoo.addons.test_testenv.tests.testenv: üêûchilds_resource[account.payment.term] = account.payment.term.line 
2023-02-01 19:45:31,939 23926 INFO test_test_testenv_12 odoo.addons.test_testenv.tests.testenv: üêûchilds_name[account.payment.term] = line_ids 
2023-02-01 19:45:32,020 23926 INFO test_test_testenv_12 odoo.addons.test_testenv.tests.testenv: üêû  parent_resource[account.payment.term.line] = account.payment.term 
2023-02-01 19:45:32,020 23926 INFO test_test_testenv_12 odoo.addons.test_testenv.tests.testenv: üêû  parent_name[account.payment.term.line] = payment_id 
2023-02-01 19:45:32,020 23926 INFO test_test_testenv_12 odoo.addons.test_testenv.tests.testenv: üêû  skeys[account.payment.term.line] = ['sequence'] 
2023-02-01 19:45:32,020 23926 INFO test_test_testenv_12 odoo.addons.test_testenv.tests.testenv: üêû  skeys[account.payment.term] = ['name'] 
2023-02-01 19:45:32,038 23926 INFO test_test_testenv_12 odoo.addons.test_testenv.tests.testenv: ‚ö† External reference z0bug.payment_2 not found 
2023-02-01 19:45:32,039 23926 INFO test_test_testenv_12 odoo.addons.test_testenv.tests.testenv: ‚ö† Invalid value it_IT 
2023-02-01 19:45:32,207 23926 INFO test_test_testenv_12 odoo.addons.test_testenv.tests.testenv: üêûres.partner.store_resource_data(z0bug.res_partner_2,name=res.partner,group=base) 
2023-02-01 19:45:32,210 23926 INFO test_test_testenv_12 odoo.addons.test_testenv.tests.testenv: üêû  parent_resource[res.currency.rate] = res.currency 
2023-02-01 19:45:32,210 23926 INFO test_test_testenv_12 odoo.addons.test_testenv.tests.testenv: üêû  parent_name[res.currency.rate] = currency_id 
2023-02-01 19:45:32,211 23926 INFO test_test_testenv_12 odoo.addons.test_testenv.tests.testenv: üêûchilds_resource[res.currency] = res.currency.rate 
2023-02-01 19:45:32,211 23926 INFO test_test_testenv_12 odoo.addons.test_testenv.tests.testenv: üêûchilds_name[res.currency] = rate_ids 
2023-02-01 19:45:32,211 23926 INFO test_test_testenv_12 odoo.addons.test_testenv.tests.testenv: üêû  skeys[res.currency] = ['name'] 
2023-02-01 19:45:32,211 23926 INFO test_test_testenv_12 odoo.addons.test_testenv.tests.testenv: üêû  skeys[res.currency.rate] = ['name'] 
2023-02-01 19:45:32,217 23926 INFO test_test_testenv_12 odoo.addons.test_testenv.tests.testenv: üêûres.currency.rate.store_resource_data(base.EUR_2023-12-30,name=res.currency.rate,group=base) 
2023-02-01 19:45:32,218 23926 INFO test_test_testenv_12 odoo.addons.test_testenv.tests.testenv: üêûres.currency.rate.store_resource_data(base.EUR_2023-12-31,name=res.currency.rate,group=base) 
2023-02-01 19:45:32,247 23926 INFO test_test_testenv_12 odoo.addons.test_testenv.tests.testenv: üêûres.currency.rate.store_resource_data(external.EUR_2024-01-01,name=res.currency.rate,group=base) 
2023-02-01 19:45:32,252 23926 INFO test_test_testenv_12 odoo.addons.test_testenv.tests.testenv: üêûdeclare_all_data(res.partner,group=base) 
2023-02-01 19:45:32,253 23926 INFO test_test_testenv_12 odoo.addons.test_testenv.tests.testenv: üêûres.partner.store_resource_data(z0bug.partner_mycompany,name=res.partner,group=base) 
2023-02-01 19:45:32,257 23926 INFO test_test_testenv_12 odoo.addons.test_testenv.tests.testenv: üêûres.partner.store_resource_data(z0bug.res_partner_1,name=res.partner,group=base) 
2023-02-01 19:45:32,257 23926 INFO test_test_testenv_12 odoo.addons.test_testenv.tests.testenv: üêûres.partner.store_resource_data(z0bug.res_partner_2,name=res.partner,group=base) 
2023-02-01 19:45:32,257 23926 INFO test_test_testenv_12 odoo.addons.test_testenv.tests.testenv: üêûdeclare_all_data(res.partner.bank,group=base) 
2023-02-01 19:45:32,259 23926 INFO test_test_testenv_12 odoo.addons.test_testenv.tests.testenv: üêû  parent_resource[res.partner.bank] = res.partner 
2023-02-01 19:45:32,259 23926 INFO test_test_testenv_12 odoo.addons.test_testenv.tests.testenv: üêû  parent_name[res.partner.bank] = partner_id 
2023-02-01 19:45:32,259 23926 INFO test_test_testenv_12 odoo.addons.test_testenv.tests.testenv: üêû  skeys[res.partner.bank] = ['acc_number'] 
2023-02-01 19:45:32,261 23926 INFO test_test_testenv_12 odoo.addons.test_testenv.tests.testenv: üêûres.partner.bank.store_resource_data(z0bug.bank_company_1,name=res.partner.bank,group=base) 
2023-02-01 19:45:32,263 23926 INFO test_test_testenv_12 odoo.addons.test_testenv.tests.testenv: üêûres.partner.bank.store_resource_data(z0bug.bank_partner_1,name=res.partner.bank,group=base) 
2023-02-01 19:45:32,264 23926 INFO test_test_testenv_12 odoo.addons.test_testenv.tests.testenv: üêûres.partner.bank.store_resource_data(z0bug.bank_partner_2,name=res.partner.bank,group=base) 
2023-02-01 19:45:32,264 23926 INFO test_test_testenv_12 odoo.addons.test_testenv.tests.testenv: üêûdeclare_all_data(product.template,group=base) 
2023-02-01 19:45:32,271 23926 INFO test_test_testenv_12 odoo.addons.test_testenv.tests.testenv: üêûchilds_resource[product.template] = product.product 
2023-02-01 19:45:32,271 23926 INFO test_test_testenv_12 odoo.addons.test_testenv.tests.testenv: üêûchilds_name[product.template] = valid_archived_variant_ids 
2023-02-01 19:45:32,271 23926 INFO test_test_testenv_12 odoo.addons.test_testenv.tests.testenv: üêûchilds_resource[product.template] = product.product 
2023-02-01 19:45:32,271 23926 INFO test_test_testenv_12 odoo.addons.test_testenv.tests.testenv: üêûchilds_name[product.template] = product_variant_ids 
2023-02-01 19:45:32,271 23926 INFO test_test_testenv_12 odoo.addons.test_testenv.tests.testenv: üêûchilds_resource[product.template] = product.product 
2023-02-01 19:45:32,271 23926 INFO test_test_testenv_12 odoo.addons.test_testenv.tests.testenv: üêûchilds_name[product.template] = product_variant_id 
2023-02-01 19:45:32,276 23926 INFO test_test_testenv_12 odoo.addons.test_testenv.tests.testenv: üêû  parent_resource[product.product] = product.template 
2023-02-01 19:45:32,276 23926 INFO test_test_testenv_12 odoo.addons.test_testenv.tests.testenv: üêû  parent_name[product.product] = product_tmpl_id 
2023-02-01 19:45:32,276 23926 INFO test_test_testenv_12 odoo.addons.test_testenv.tests.testenv: üêû  skeys[product.product] = ['default_code'] 
2023-02-01 19:45:32,277 23926 INFO test_test_testenv_12 odoo.addons.test_testenv.tests.testenv: üêû  skeys[product.template] = ['default_code'] 
2023-02-01 19:45:32,284 23926 INFO test_test_testenv_12 odoo.addons.test_testenv.tests.testenv: üêûproduct.template.store_resource_data(z0bug.product_template_1,name=product.template,group=base) 
2023-02-01 19:45:32,288 23926 INFO test_test_testenv_12 odoo.addons.test_testenv.tests.testenv: üêûproduct.template.store_resource_data(z0bug.product_template_18,name=product.template,group=base) 
2023-02-01 19:45:32,296 23926 INFO test_test_testenv_12 odoo.addons.test_testenv.tests.testenv: üêûproduct.template.store_resource_data(z0bug.product_template_23,name=product.template,group=base) 
2023-02-01 19:45:32,304 23926 INFO test_test_testenv_12 odoo.addons.test_testenv.tests.testenv: üêû  skeys[res.company] = ['partner_id'] 
2023-02-01 19:45:32,422 23926 INFO test_test_testenv_12 odoo.addons.test_testenv.tests.testenv: ‚ö† xref 'z0bug.mycompany' -> 'base.main_company' 
2023-02-01 19:45:32,423 23926 INFO test_test_testenv_12 odoo.addons.test_testenv.tests.testenv: ‚ö† xref 'z0bug.partner_mycompany' -> 'base.main_partner' 
2023-02-01 19:45:32,430 23926 INFO test_test_testenv_12 odoo.addons.test_testenv.tests.testenv: üé∫ Starting test v2.0.5 (debug_level=2) 
2023-02-01 19:45:32,438 23926 INFO test_test_testenv_12 odoo.addons.test_testenv.tests.testenv: üé∫ Testing module: test_testenv (12.0.2.0.5) 
2023-02-01 19:45:32,439 23926 INFO test_test_testenv_12 odoo.addons.test_testenv.tests.testenv: ‚ö† product.product[type]: 'product' -> 'consu' 
2023-02-01 19:45:32,439 23926 INFO test_test_testenv_12 odoo.addons.test_testenv.tests.testenv: ‚ö† product.template[type]: 'product' -> 'consu' 
2023-02-01 19:45:32,440 23926 INFO test_test_testenv_12 odoo.addons.test_testenv.tests.testenv: ‚ö† account.payment.term.line._cvt_account_payment_term_line(all) 
2023-02-01 19:45:32,534 23926 INFO test_test_testenv_12 odoo.addons.test_testenv.tests.testenv: üêûres.partner.store_resource_data(z0bug.res_partner_1,name=res.partner,group=base) 
2023-02-01 19:45:32,660 23926 INFO test_test_testenv_12 odoo.addons.test_testenv.tests.testenv: üêûres.partner.bank.store_resource_data(z0bug.bank_company_1,name=res.partner.bank,group=base) 
2023-02-01 19:45:32,667 23926 INFO test_test_testenv_12 odoo.addons.test_testenv.tests.testenv: üêûres.partner.bank.store_resource_data(z0bug.bank_partner_1,name=res.partner.bank,group=base) 
2023-02-01 19:45:32,675 23926 INFO test_test_testenv_12 odoo.addons.test_testenv.tests.testenv: üêûres.partner.bank.store_resource_data(z0bug.bank_partner_2,name=res.partner.bank,group=base) 
2023-02-01 19:45:32,680 23926 INFO test_test_testenv_12 odoo.addons.test_testenv.tests.testenv: üêû  skeys[uom.uom] = ['name'] 
2023-02-01 19:45:32,681 23926 INFO test_test_testenv_12 odoo.addons.test_testenv.tests.testenv: ‚ö† External reference product.product_uom_unit not found 
2023-02-01 19:45:32,684 23926 INFO test_test_testenv_12 odoo.addons.test_testenv.tests.testenv: ‚ö† External reference product.product_uom_unit not found 
2023-02-01 19:45:32,686 23926 INFO test_test_testenv_12 odoo.addons.test_testenv.tests.testenv: üêû  skeys[account.account] = ['code'] 
2023-02-01 19:45:32,687 23926 INFO test_test_testenv_12 odoo.addons.test_testenv.tests.testenv: ‚ö† External reference z0bug.coa_sale not found 
2023-02-01 19:45:32,809 23926 INFO test_test_testenv_12 odoo.addons.test_testenv.tests.testenv: üêûproduct.template.store_resource_data(z0bug.product_template_1,name=product.template,group=base) 
2023-02-01 19:45:32,809 23926 INFO test_test_testenv_12 odoo.addons.test_testenv.tests.testenv: xref ('product.template') 'z0bug.product_template_1' -> ('product.product') 'z0bug.product_product_1' 
2023-02-01 19:45:32,811 23926 INFO test_test_testenv_12 odoo.addons.test_testenv.tests.testenv: üêûproduct.product.store_resource_data(z0bug.product_product_1,name=product.product,group=base) 
2023-02-01 19:45:32,815 23926 INFO test_test_testenv_12 odoo.addons.test_testenv.tests.testenv: ‚ö† External reference product.product_uom_unit not found 
2023-02-01 19:45:32,818 23926 INFO test_test_testenv_12 odoo.addons.test_testenv.tests.testenv: ‚ö† External reference product.product_uom_unit not found 
2023-02-01 19:45:32,820 23926 INFO test_test_testenv_12 odoo.addons.test_testenv.tests.testenv: ‚ö† External reference z0bug.coa_sale not found 
2023-02-01 19:45:32,932 23926 INFO test_test_testenv_12 odoo.addons.test_testenv.tests.testenv: üêûproduct.template.store_resource_data(z0bug.product_template_18,name=product.template,group=base) 
2023-02-01 19:45:32,932 23926 INFO test_test_testenv_12 odoo.addons.test_testenv.tests.testenv: xref ('product.template') 'z0bug.product_template_18' -> ('product.product') 'z0bug.product_product_18' 
2023-02-01 19:45:32,935 23926 INFO test_test_testenv_12 odoo.addons.test_testenv.tests.testenv: üêûproduct.product.store_resource_data(z0bug.product_product_18,name=product.product,group=base) 
2023-02-01 19:45:32,940 23926 INFO test_test_testenv_12 odoo.addons.test_testenv.tests.testenv: ‚ö† External reference product.product_uom_unit not found 
2023-02-01 19:45:32,943 23926 INFO test_test_testenv_12 odoo.addons.test_testenv.tests.testenv: ‚ö† External reference product.product_uom_unit not found 
2023-02-01 19:45:32,945 23926 INFO test_test_testenv_12 odoo.addons.test_testenv.tests.testenv: ‚ö† External reference z0bug.coa_sale2 not found 
2023-02-01 19:45:33,077 23926 INFO test_test_testenv_12 odoo.addons.test_testenv.tests.testenv: üêûproduct.template.store_resource_data(z0bug.product_template_23,name=product.template,group=base) 
2023-02-01 19:45:33,077 23926 INFO test_test_testenv_12 odoo.addons.test_testenv.tests.testenv: xref ('product.template') 'z0bug.product_template_23' -> ('product.product') 'z0bug.product_product_23' 
2023-02-01 19:45:33,080 23926 INFO test_test_testenv_12 odoo.addons.test_testenv.tests.testenv: üêûproduct.product.store_resource_data(z0bug.product_product_23,name=product.product,group=base) 
2023-02-01 19:45:33,331 23926 INFO test_test_testenv_12 odoo.addons.test_testenv.tests.testenv: üêûdeclare_all_data(account.payment.term,group=payment_term) 
2023-02-01 19:45:33,331 23926 INFO test_test_testenv_12 odoo.addons.test_testenv.tests.testenv: üêûaccount.payment.term.store_resource_data(z0bug.payment_term_1,name=account.payment.term,group=payment_term) 
2023-02-01 19:45:33,331 23926 INFO test_test_testenv_12 odoo.addons.test_testenv.tests.testenv: üêûaccount.payment.term.store_resource_data(z0bug.payment_term_2,name=account.payment.term,group=payment_term) 
2023-02-01 19:45:33,331 23926 INFO test_test_testenv_12 odoo.addons.test_testenv.tests.testenv: üêûdeclare_all_data(account.payment.term.line,group=payment_term) 
2023-02-01 19:45:33,332 23926 INFO test_test_testenv_12 odoo.addons.test_testenv.tests.testenv: üêûaccount.payment.term.line.store_resource_data(z0bug.payment_term_1_1,name=account.payment.term.line,group=payment_term) 
2023-02-01 19:45:33,334 23926 INFO test_test_testenv_12 odoo.addons.test_testenv.tests.testenv: üêûaccount.payment.term.line.store_resource_data(z0bug.payment_term_2_1,name=account.payment.term.line,group=payment_term) 
2023-02-01 19:45:33,335 23926 INFO test_test_testenv_12 odoo.addons.test_testenv.tests.testenv: üêûfield months does not exist in account.payment.term.line 
2023-02-01 19:45:33,335 23926 INFO test_test_testenv_12 odoo.addons.test_testenv.tests.testenv: üêûaccount.payment.term.line.store_resource_data(z0bug.payment_term_2_2,name=account.payment.term.line,group=payment_term) 
2023-02-01 19:45:33,335 23926 INFO test_test_testenv_12 odoo.addons.test_testenv.tests.testenv: üé∫ Starting test v2.0.5 (debug_level=2) 
2023-02-01 19:45:33,343 23926 INFO test_test_testenv_12 odoo.addons.test_testenv.tests.testenv: üé∫ Testing module: test_testenv (12.0.2.0.5) 
2023-02-01 19:45:33,345 23926 INFO test_test_testenv_12 odoo.addons.test_testenv.tests.testenv: ‚ö† product.product[type]: 'product' -> 'consu' 
2023-02-01 19:45:33,345 23926 INFO test_test_testenv_12 odoo.addons.test_testenv.tests.testenv: ‚ö† product.template[type]: 'product' -> 'consu' 
2023-02-01 19:45:33,346 23926 INFO test_test_testenv_12 odoo.addons.test_testenv.tests.testenv: ‚ö† account.payment.term.line._cvt_account_payment_term_line(all) 
2023-02-01 19:45:33,355 23926 INFO test_test_testenv_12 odoo.addons.test_testenv.tests.testenv: ‚ö† External reference z0bug.payment_term_1 not found 
2023-02-01 19:45:33,369 23926 INFO test_test_testenv_12 odoo.addons.test_testenv.tests.testenv: üêûaccount.payment.term.store_resource_data(z0bug.payment_term_1,name=account.payment.term,group=payment_term) 
2023-02-01 19:45:33,380 23926 INFO test_test_testenv_12 odoo.addons.test_testenv.tests.testenv: ‚ö† External reference z0bug.payment_term_2 not found 
2023-02-01 19:45:33,383 23926 INFO test_test_testenv_12 odoo.addons.test_testenv.tests.testenv: ‚ö† External reference z0bug.payment_term_2 not found 
2023-02-01 19:45:33,393 23926 INFO test_test_testenv_12 odoo.addons.test_testenv.tests.testenv: üêûaccount.payment.term.store_resource_data(z0bug.payment_term_2,name=account.payment.term,group=payment_term) 
2023-02-01 19:45:33,431 23926 INFO test_test_testenv_12 odoo.addons.test_testenv.tests.testenv: üêûchilds_resource[res.country] = res.country.state 
2023-02-01 19:45:33,431 23926 INFO test_test_testenv_12 odoo.addons.test_testenv.tests.testenv: üêûchilds_name[res.country] = state_ids 
2023-02-01 19:45:33,431 23926 INFO test_test_testenv_12 odoo.addons.test_testenv.tests.testenv: üêû  parent_resource[res.country.state] = res.country 
2023-02-01 19:45:33,432 23926 INFO test_test_testenv_12 odoo.addons.test_testenv.tests.testenv: üêû  parent_name[res.country.state] = country_id 
2023-02-01 19:45:33,432 23926 INFO test_test_testenv_12 odoo.addons.test_testenv.tests.testenv: üêû  skeys[res.country.state] = ['code'] 
2023-02-01 19:45:33,432 23926 INFO test_test_testenv_12 odoo.addons.test_testenv.tests.testenv: üêû  skeys[res.country] = ['code'] 
2023-02-01 19:45:33,433 23926 INFO test_test_testenv_12 odoo.addons.test_testenv.tests.testenv: ‚ö† External reference external.109 not found 
2023-02-01 19:45:33,433 23926 INFO test_test_testenv_12 odoo.addons.test_testenv.tests.testenv: üêûres.partner.cast_type() = {} 
2023-02-01 19:45:33,435 23926 INFO test_test_testenv_12 odoo.addons.test_testenv.tests.test_testenv: üé∫ Testing test_currency_2many() 
2023-02-01 19:45:33,511 23926 INFO test_test_testenv_12 odoo.addons.test_testenv.tests.testenv: üêûtestenv.all.fields.resource_edit(['create']) 
2023-02-01 19:45:33,514 23926 INFO test_test_testenv_12 odoo.addons.test_testenv.tests.testenv: üêû  skeys[testenv.all.fields] = ['name'] 
2023-02-01 19:45:33,536 23926 INFO test_test_testenv_12 odoo.models.unlink: User #1 deleted testenv.all.fields records with IDs: [] 
2023-02-01 19:45:33,567 23926 INFO test_test_testenv_12 odoo.addons.test_testenv.tests.testenv: üêûtestenv.all.fields(1,).resource_edit(['save']) 
2023-02-01 19:45:33,597 23926 INFO test_test_testenv_12 odoo.addons.test_testenv.tests.testenv: üêûvalidate_records(template(1), [testenv.all.fields(1,)]) 
2023-02-01 19:45:33,599 23926 INFO test_test_testenv_12 odoo.addons.test_testenv.tests.testenv: üêû ... assertEqual(template(1).date:'2022-06-22', rec(1):'2022-06-22') 
2023-02-01 19:45:33,600 23926 INFO test_test_testenv_12 odoo.addons.test_testenv.tests.testenv: üêû ... assertEqual(template(1).updated_dt:'2023-02-01 19:45:33.511114', rec(1):'2023-02-01 19:45:33') 
2023-02-01 19:45:33,600 23926 INFO test_test_testenv_12 odoo.addons.test_testenv.tests.testenv: üêû2 assertion validated for validate_records(template(1), [testenv.all.fields(1,)]) 
2023-02-01 19:45:33,600 23926 INFO test_test_testenv_12 odoo.addons.test_testenv.tests.test_testenv: üé∫ Testing test_product() 
2023-02-01 19:45:33,908 23926 INFO test_test_testenv_12 odoo.addons.test_testenv.tests.test_testenv: üé∫ Testing wizard.lang_install() 
2023-02-01 19:45:33,943 23926 INFO test_test_testenv_12 odoo.addons.test_testenv.tests.testenv: üêûwizard starting(Load a Translation) 
2023-02-01 19:45:33,952 23926 INFO test_test_testenv_12 odoo.addons.test_testenv.tests.testenv: üêû  base.language.install.lang_install() 
2023-02-01 19:45:34,003 23926 INFO test_test_testenv_12 odoo.addons.base.models.ir_translation: module base: loading translation file (it) for language it_IT 
2023-02-01 19:45:34,004 23926 INFO test_test_testenv_12 odoo.tools.translate: loading /home/odoo/12.0/odoo/addons/base/i18n/it.po 
2023-02-01 19:45:36,920 23926 INFO test_test_testenv_12 odoo.addons.base.models.ir_translation: module web: loading translation file (it) for language it_IT 
2023-02-01 19:45:36,920 23926 INFO test_test_testenv_12 odoo.tools.translate: loading /home/odoo/12.0/addons/web/i18n/it.po 
2023-02-01 19:45:37,069 23926 INFO test_test_testenv_12 odoo.addons.base.models.ir_translation: module base_setup: loading translation file (it) for language it_IT 
2023-02-01 19:45:37,069 23926 INFO test_test_testenv_12 odoo.tools.translate: loading /home/odoo/12.0/addons/base_setup/i18n/it.po 
2023-02-01 19:45:37,102 23926 INFO test_test_testenv_12 odoo.addons.base.models.ir_translation: module decimal_precision: loading translation file (it) for language it_IT 
2023-02-01 19:45:37,102 23926 INFO test_test_testenv_12 odoo.tools.translate: loading /home/odoo/12.0/addons/decimal_precision/i18n/it.po 
2023-02-01 19:45:37,109 23926 INFO test_test_testenv_12 odoo.tools.translate: Translation 'Warning!' (code, addons/decimal_precision/models/decimal_precision.py, 24) not found in reference pot, skipping 
2023-02-01 19:45:37,123 23926 INFO test_test_testenv_12 odoo.addons.base.models.ir_translation: module bus: loading translation file (it) for language it_IT 
2023-02-01 19:45:37,123 23926 INFO test_test_testenv_12 odoo.tools.translate: loading /home/odoo/12.0/addons/bus/i18n/it.po 
2023-02-01 19:45:37,140 23926 INFO test_test_testenv_12 odoo.addons.base.models.ir_translation: module web_tour: loading translation file (it) for language it_IT 
2023-02-01 19:45:37,140 23926 INFO test_test_testenv_12 odoo.tools.translate: loading /home/odoo/12.0/addons/web_tour/i18n/it.po 
2023-02-01 19:45:37,156 23926 INFO test_test_testenv_12 odoo.addons.base.models.ir_translation: module mail: loading translation file (it) for language it_IT 
2023-02-01 19:45:37,156 23926 INFO test_test_testenv_12 odoo.tools.translate: loading /home/odoo/12.0/addons/mail/i18n/it.po 
2023-02-01 19:45:37,438 23926 INFO test_test_testenv_12 odoo.addons.base.models.ir_translation: module uom: loading translation file (it) for language it_IT 
2023-02-01 19:45:37,439 23926 INFO test_test_testenv_12 odoo.tools.translate: loading /home/odoo/12.0/addons/uom/i18n/it.po 
2023-02-01 19:45:37,462 23926 INFO test_test_testenv_12 odoo.addons.base.models.ir_translation: module product: loading translation file (it) for language it_IT 
2023-02-01 19:45:37,462 23926 INFO test_test_testenv_12 odoo.tools.translate: loading /home/odoo/12.0/addons/product/i18n/it.po 
2023-02-01 19:45:37,584 23926 INFO test_test_testenv_12 odoo.addons.base.models.ir_translation: module analytic: loading translation file (it) for language it_IT 
2023-02-01 19:45:37,584 23926 INFO test_test_testenv_12 odoo.tools.translate: loading /home/odoo/12.0/addons/analytic/i18n/it.po 
2023-02-01 19:45:37,649 23926 INFO test_test_testenv_12 odoo.addons.base.models.ir_translation: module http_routing: loading translation file (it) for language it_IT 
2023-02-01 19:45:37,650 23926 INFO test_test_testenv_12 odoo.tools.translate: loading /home/odoo/12.0/addons/http_routing/i18n/it.po 
2023-02-01 19:45:37,664 23926 INFO test_test_testenv_12 odoo.addons.base.models.ir_translation: module auth_signup: loading translation file (it) for language it_IT 
2023-02-01 19:45:37,664 23926 INFO test_test_testenv_12 odoo.tools.translate: loading /home/odoo/12.0/addons/auth_signup/i18n/it.po 
2023-02-01 19:45:37,689 23926 INFO test_test_testenv_12 odoo.addons.base.models.ir_translation: module portal: loading translation file (it) for language it_IT 
2023-02-01 19:45:37,689 23926 INFO test_test_testenv_12 odoo.tools.translate: loading /home/odoo/12.0/addons/portal/i18n/it.po 
2023-02-01 19:45:37,721 23926 INFO test_test_testenv_12 odoo.addons.base.models.ir_translation: module digest: loading translation file (it) for language it_IT 
2023-02-01 19:45:37,721 23926 INFO test_test_testenv_12 odoo.tools.translate: loading /home/odoo/12.0/addons/digest/i18n/it.po 
2023-02-01 19:45:37,741 23926 INFO test_test_testenv_12 odoo.addons.base.models.ir_translation: module account: loading translation file (it) for language it_IT 
2023-02-01 19:45:37,741 23926 INFO test_test_testenv_12 odoo.tools.translate: loading /home/odoo/12.0/addons/account/i18n/it.po 
2023-02-01 19:45:38,556 23926 INFO test_test_testenv_12 odoo.addons.base.models.ir_translation: module account_bank_statement_import: loading translation file (it) for language it_IT 
2023-02-01 19:45:38,556 23926 INFO test_test_testenv_12 odoo.tools.translate: loading /home/odoo/12.0/addons/account_bank_statement_import/i18n/it.po 
2023-02-01 19:45:38,585 23926 INFO test_test_testenv_12 odoo.addons.base.models.ir_translation: module account_cancel: loading translation file (it) for language it_IT 
2023-02-01 19:45:38,586 23926 INFO test_test_testenv_12 odoo.tools.translate: loading /home/odoo/12.0/addons/account_cancel/i18n/it.po 
2023-02-01 19:45:38,599 23926 INFO test_test_testenv_12 odoo.addons.base.models.ir_translation: module account_facturx: no translation for language it 
2023-02-01 19:45:38,602 23926 INFO test_test_testenv_12 odoo.addons.base.models.ir_translation: module base_import: loading translation file (it) for language it_IT 
2023-02-01 19:45:38,602 23926 INFO test_test_testenv_12 odoo.tools.translate: loading /home/odoo/12.0/addons/base_import/i18n/it.po 
2023-02-01 19:45:38,645 23926 INFO test_test_testenv_12 odoo.addons.base.models.ir_translation: module fetchmail: loading translation file (it) for language it_IT 
2023-02-01 19:45:38,645 23926 INFO test_test_testenv_12 odoo.tools.translate: loading /home/odoo/12.0/addons/fetchmail/i18n/it.po 
2023-02-01 19:45:38,670 23926 INFO test_test_testenv_12 odoo.addons.base.models.ir_translation: module l10n_generic_coa: no translation for language it 
2023-02-01 19:45:38,673 23926 INFO test_test_testenv_12 odoo.addons.base.models.ir_translation: module l10n_us: no translation for language it 
2023-02-01 19:45:38,675 23926 INFO test_test_testenv_12 odoo.addons.base.models.ir_translation: module mail_bot: loading translation file (it) for language it_IT 
2023-02-01 19:45:38,675 23926 INFO test_test_testenv_12 odoo.tools.translate: loading /home/odoo/12.0/addons/mail_bot/i18n/it.po 
2023-02-01 19:45:38,694 23926 INFO test_test_testenv_12 odoo.addons.base.models.ir_translation: module module_version: loading translation file (it) for language it_IT 
2023-02-01 19:45:38,695 23926 INFO test_test_testenv_12 odoo.tools.translate: loading /home/odoo/12.0/custom-addons/module_version/i18n/it.po 
2023-02-01 19:45:38,698 23926 INFO test_test_testenv_12 odoo.tools.translate: Translation 'To upgrade' (view, ir.module.module, 0) not found in reference pot, skipping 
2023-02-01 19:45:38,698 23926 INFO test_test_testenv_12 odoo.tools.translate: Translation 'Upgrade' (view, ir.module.module, 0) not found in reference pot, skipping 
2023-02-01 19:45:38,698 23926 INFO test_test_testenv_12 odoo.tools.translate: Translation 'Not Installed' (view, ir.module.module, 0) not found in reference pot, skipping 
2023-02-01 19:45:38,699 23926 INFO test_test_testenv_12 odoo.tools.translate: Translation 'Cancel Upgrade' (view, ir.module.module, 0) not found in reference pot, skipping 
2023-02-01 19:45:38,699 23926 INFO test_test_testenv_12 odoo.tools.translate: Translation 'Need Upgrade' (code, addons/module_version/module.py, 60) not found in reference pot, skipping 
2023-02-01 19:45:38,699 23926 INFO test_test_testenv_12 odoo.tools.translate: Translation 'Need Upgrade' (field, ir.module.module,check_upgrade, 0) not found in reference pot, skipping 
2023-02-01 19:45:38,699 23926 INFO test_test_testenv_12 odoo.tools.translate: Translation 'Need Upgrade' (field, ir.module.module,need_upgrade, 0) not found in reference pot, skipping 
2023-02-01 19:45:38,708 23926 INFO test_test_testenv_12 odoo.addons.base.models.ir_translation: module payment: loading translation file (it) for language it_IT 
2023-02-01 19:45:38,708 23926 INFO test_test_testenv_12 odoo.tools.translate: loading /home/odoo/12.0/addons/payment/i18n/it.po 
2023-02-01 19:45:38,774 23926 INFO test_test_testenv_12 odoo.addons.base.models.ir_translation: module payment_transfer: loading translation file (it) for language it_IT 
2023-02-01 19:45:38,775 23926 INFO test_test_testenv_12 odoo.tools.translate: loading /home/odoo/12.0/addons/payment_transfer/i18n/it.po 
2023-02-01 19:45:38,789 23926 INFO test_test_testenv_12 odoo.addons.base.models.ir_translation: module web_diagram: loading translation file (it) for language it_IT 
2023-02-01 19:45:38,789 23926 INFO test_test_testenv_12 odoo.tools.translate: loading /home/odoo/12.0/addons/web_diagram/i18n/it.po 
2023-02-01 19:45:38,802 23926 INFO test_test_testenv_12 odoo.addons.base.models.ir_translation: module web_editor: loading translation file (it) for language it_IT 
2023-02-01 19:45:38,802 23926 INFO test_test_testenv_12 odoo.tools.translate: loading /home/odoo/12.0/addons/web_editor/i18n/it.po 
2023-02-01 19:45:38,852 23926 INFO test_test_testenv_12 odoo.addons.base.models.ir_translation: module web_kanban_gauge: loading translation file (it) for language it_IT 
2023-02-01 19:45:38,852 23926 INFO test_test_testenv_12 odoo.tools.translate: loading /home/odoo/12.0/addons/web_kanban_gauge/i18n/it.po 
2023-02-01 19:45:38,864 23926 INFO test_test_testenv_12 odoo.addons.base.models.ir_translation: module web_settings_dashboard: loading translation file (it) for language it_IT 
2023-02-01 19:45:38,864 23926 INFO test_test_testenv_12 odoo.tools.translate: loading /home/odoo/12.0/addons/web_settings_dashboard/i18n/it.po 
2023-02-01 19:45:38,881 23926 INFO test_test_testenv_12 odoo.addons.base.models.ir_translation: module web_unsplash: loading translation file (it) for language it_IT 
2023-02-01 19:45:38,881 23926 INFO test_test_testenv_12 odoo.tools.translate: loading /home/odoo/12.0/addons/web_unsplash/i18n/it.po 
2023-02-01 19:45:39,004 23926 INFO test_test_testenv_12 odoo.addons.test_testenv.tests.testenv: üêûwizard starting(Language Pack) 
2023-02-01 19:45:39,006 23926 INFO test_test_testenv_12 odoo.addons.test_testenv.tests.testenv: üé∫ Starting test v2.0.5 (debug_level=2) 
2023-02-01 19:45:39,014 23926 INFO test_test_testenv_12 odoo.addons.test_testenv.tests.testenv: üé∫ Testing module: test_testenv (12.0.2.0.5) 
2023-02-01 19:45:39,016 23926 INFO test_test_testenv_12 odoo.addons.test_testenv.tests.testenv: ‚ö† product.product[type]: 'product' -> 'consu' 
2023-02-01 19:45:39,016 23926 INFO test_test_testenv_12 odoo.addons.test_testenv.tests.testenv: ‚ö† product.template[type]: 'product' -> 'consu' 
2023-02-01 19:45:39,017 23926 INFO test_test_testenv_12 odoo.addons.test_testenv.tests.testenv: ‚ö† account.payment.term.line._cvt_account_payment_term_line(all) 
2023-02-01 19:45:39,213 23926 INFO test_test_testenv_12 odoo.addons.test_testenv.tests.testenv: üêûres.currency.rate.store_resource_data(external.EUR_2024-01-01,name=res.currency.rate,group=base) 
2023-02-01 19:45:39,497 23926 INFO test_test_testenv_12 odoo.addons.test_testenv.tests.testenv: üêûres.partner(42,).resource_edit(['save']) 
2023-02-01 19:45:39,642 23926 INFO test_test_testenv_12 odoo.addons.base.models.ir_attachment: _read_file reading /home/odoo/.local/share/Odoo12/filestore/test_test_testenv_12/91/91cf91f4bb4e8ab1dda361b7ce81fd7a215616cb 
Traceback (most recent call last):
  File "/home/odoo/12.0/odoo/api.py", line 1049, in get
    value = self._data[key][field][record._ids[0]]
KeyError: 42

During handling of the above exception, another exception occurred:

Traceback (most recent call last):
  File "/home/odoo/12.0/odoo/fields.py", line 1064, in __get__
    value = record.env.cache.get(record, self)
  File "/home/odoo/12.0/odoo/api.py", line 1051, in get
    raise CacheMiss(record, field)
odoo.exceptions.CacheMiss: ('res.partner(42,).image', None)

During handling of the above exception, another exception occurred:

Traceback (most recent call last):
  File "/home/odoo/12.0/odoo/api.py", line 1049, in get
    value = self._data[key][field][record._ids[0]]
KeyError: 490

During handling of the above exception, another exception occurred:

Traceback (most recent call last):
  File "/home/odoo/12.0/odoo/fields.py", line 1064, in __get__
    value = record.env.cache.get(record, self)
  File "/home/odoo/12.0/odoo/api.py", line 1051, in get
    raise CacheMiss(record, field)
odoo.exceptions.CacheMiss: ('ir.attachment(490,).datas', None)

During handling of the above exception, another exception occurred:

Traceback (most recent call last):
  File "/home/odoo/12.0/odoo/addons/base/models/ir_attachment.py", line 113, in _file_read
    r = base64.b64encode(open(full_path,'rb').read())
FileNotFoundError: [Errno 2] No such file or directory: '/home/odoo/.local/share/Odoo12/filestore/test_test_testenv_12/91/91cf91f4bb4e8ab1dda361b7ce81fd7a215616cb'
2023-02-01 19:45:39,643 23926 INFO test_test_testenv_12 odoo.addons.test_testenv.tests.testenv: üêûdeclare_all_data(account.account,group=invoice) 
2023-02-01 19:45:39,646 23926 INFO test_test_testenv_12 odoo.addons.test_testenv.tests.testenv: üêûaccount.account.store_resource_data(z0bug.coa_sale,name=account.account,group=invoice) 
2023-02-01 19:45:39,647 23926 INFO test_test_testenv_12 odoo.addons.test_testenv.tests.testenv: üêûaccount.account.store_resource_data(z0bug.coa_sale2,name=account.account,group=invoice) 
2023-02-01 19:45:39,649 23926 INFO test_test_testenv_12 odoo.addons.test_testenv.tests.testenv: üêûaccount.account.store_resource_data(z0bug.coa_tax_recv,name=account.account,group=invoice) 
2023-02-01 19:45:39,649 23926 INFO test_test_testenv_12 odoo.addons.test_testenv.tests.testenv: üêûdeclare_all_data(account.tax,group=invoice) 
2023-02-01 19:45:39,650 23926 INFO test_test_testenv_12 odoo.addons.test_testenv.tests.testenv: üêû  skeys[account.tax] = ['description'] 
2023-02-01 19:45:39,652 23926 INFO test_test_testenv_12 odoo.addons.test_testenv.tests.testenv: üêûaccount.tax.store_resource_data(external.22v,name=account.tax,group=invoice) 
2023-02-01 19:45:39,652 23926 INFO test_test_testenv_12 odoo.addons.test_testenv.tests.testenv: üêûdeclare_all_data(account.journal,group=invoice) 
2023-02-01 19:45:39,654 23926 INFO test_test_testenv_12 odoo.addons.test_testenv.tests.testenv: üêû  skeys[account.journal] = ['code'] 
2023-02-01 19:45:39,654 23926 INFO test_test_testenv_12 odoo.addons.test_testenv.tests.testenv: üêûaccount.journal.store_resource_data(external.BNK1,name=account.journal,group=invoice) 
2023-02-01 19:45:39,654 23926 INFO test_test_testenv_12 odoo.addons.test_testenv.tests.testenv: üêûaccount.journal.store_resource_data(external.INV,name=account.journal,group=invoice) 
2023-02-01 19:45:39,654 23926 INFO test_test_testenv_12 odoo.addons.test_testenv.tests.testenv: üêûdeclare_all_data(account.invoice,group=invoice) 
2023-02-01 19:45:39,657 23926 INFO test_test_testenv_12 odoo.addons.test_testenv.tests.testenv: üêûchilds_resource[account.invoice] = account.invoice.line 
2023-02-01 19:45:39,658 23926 INFO test_test_testenv_12 odoo.addons.test_testenv.tests.testenv: üêûchilds_name[account.invoice] = invoice_line_ids 
2023-02-01 19:45:39,663 23926 INFO test_test_testenv_12 odoo.addons.test_testenv.tests.testenv: üêû  parent_resource[account.invoice.line] = account.invoice 
2023-02-01 19:45:39,663 23926 INFO test_test_testenv_12 odoo.addons.test_testenv.tests.testenv: üêû  parent_name[account.invoice.line] = invoice_id 
2023-02-01 19:45:39,663 23926 INFO test_test_testenv_12 odoo.addons.test_testenv.tests.testenv: üêû  skeys[account.invoice.line] = ['sequence'] 
2023-02-01 19:45:39,663 23926 INFO test_test_testenv_12 odoo.addons.test_testenv.tests.testenv: üêû  skeys[account.invoice] = ['number'] 
2023-02-01 19:45:39,667 23926 INFO test_test_testenv_12 odoo.addons.test_testenv.tests.testenv: üêûaccount.invoice.store_resource_data(z0bug.invoice_Z0_1,name=account.invoice,group=invoice) 
2023-02-01 19:45:39,671 23926 INFO test_test_testenv_12 odoo.addons.test_testenv.tests.testenv: üêûaccount.invoice.store_resource_data(z0bug.invoice_Z0_2,name=account.invoice,group=invoice) 
2023-02-01 19:45:39,671 23926 INFO test_test_testenv_12 odoo.addons.test_testenv.tests.testenv: üêûdeclare_all_data(account.invoice.line,group=invoice) 
2023-02-01 19:45:39,674 23926 INFO test_test_testenv_12 odoo.addons.test_testenv.tests.testenv: üêûaccount.invoice.line.store_resource_data(z0bug.invoice_Z0_1_03,name=account.invoice.line,group=invoice) 
2023-02-01 19:45:39,678 23926 INFO test_test_testenv_12 odoo.addons.test_testenv.tests.testenv: üêûaccount.invoice.line.store_resource_data(z0bug.invoice_Z0_1_1,name=account.invoice.line,group=invoice) 
2023-02-01 19:45:39,681 23926 INFO test_test_testenv_12 odoo.addons.test_testenv.tests.testenv: üêûaccount.invoice.line.store_resource_data(z0bug.invoice_Z0_1_2,name=account.invoice.line,group=invoice) 
2023-02-01 19:45:39,685 23926 INFO test_test_testenv_12 odoo.addons.test_testenv.tests.testenv: üêûaccount.invoice.line.store_resource_data(z0bug.invoice_Z0_2_1,name=account.invoice.line,group=invoice) 
2023-02-01 19:45:39,688 23926 INFO test_test_testenv_12 odoo.addons.test_testenv.tests.testenv: üêûaccount.invoice.line.store_resource_data(z0bug.invoice_Z0_2_2,name=account.invoice.line,group=invoice) 
2023-02-01 19:45:39,688 23926 INFO test_test_testenv_12 odoo.addons.test_testenv.tests.testenv: üé∫ Starting test v2.0.5 (debug_level=2) 
2023-02-01 19:45:39,688 23926 INFO test_test_testenv_12 odoo.addons.test_testenv.tests.testenv: üé∫ Testing module: test_testenv (12.0.2.0.5) 
2023-02-01 19:45:39,690 23926 INFO test_test_testenv_12 odoo.addons.test_testenv.tests.testenv: ‚ö† product.product[type]: 'product' -> 'consu' 
2023-02-01 19:45:39,690 23926 INFO test_test_testenv_12 odoo.addons.test_testenv.tests.testenv: ‚ö† product.template[type]: 'product' -> 'consu' 
2023-02-01 19:45:39,691 23926 INFO test_test_testenv_12 odoo.addons.test_testenv.tests.testenv: ‚ö† account.payment.term.line._cvt_account_payment_term_line(all) 
2023-02-01 19:45:39,773 23926 INFO test_test_testenv_12 odoo.addons.test_testenv.tests.testenv: üêûaccount.account.store_resource_data(z0bug.coa_sale2,name=account.account,group=invoice) 
2023-02-01 19:45:39,798 23926 INFO test_test_testenv_12 odoo.addons.test_testenv.tests.testenv: üêûaccount.tax.store_resource_data(external.22v,name=account.tax,group=invoice) 
2023-02-01 19:45:39,824 23926 INFO test_test_testenv_12 odoo.addons.test_testenv.tests.testenv: ‚ö† External reference z0bug.invoice_Z0_1 not found 
2023-02-01 19:45:39,830 23926 INFO test_test_testenv_12 odoo.addons.test_testenv.tests.testenv: ‚ö† External reference z0bug.invoice_Z0_1 not found 
2023-02-01 19:45:39,837 23926 INFO test_test_testenv_12 odoo.addons.test_testenv.tests.testenv: ‚ö† External reference z0bug.invoice_Z0_1 not found 
2023-02-01 19:45:40,076 23926 INFO test_test_testenv_12 odoo.addons.test_testenv.tests.testenv: üêûaccount.invoice.store_resource_data(z0bug.invoice_Z0_1,name=account.invoice,group=invoice) 
2023-02-01 19:45:40,091 23926 INFO test_test_testenv_12 odoo.addons.test_testenv.tests.testenv: ‚ö† External reference z0bug.invoice_Z0_2 not found 
2023-02-01 19:45:40,098 23926 INFO test_test_testenv_12 odoo.addons.test_testenv.tests.testenv: ‚ö† External reference z0bug.invoice_Z0_2 not found 
2023-02-01 19:45:40,280 23926 INFO test_test_testenv_12 odoo.addons.test_testenv.tests.testenv: üêûaccount.invoice.store_resource_data(z0bug.invoice_Z0_2,name=account.invoice,group=invoice) 
2023-02-01 19:45:40,422 23926 INFO test_test_testenv_12 odoo.addons.test_testenv.tests.testenv: üêûaccount.invoice(10,).resource_edit(['action_invoice_open']) 
2023-02-01 19:45:40,448 23926 INFO test_test_testenv_12 odoo.addons.test_testenv.tests.testenv: üêû  account.invoice.action_invoice_open() 
2023-02-01 19:45:40,709 23926 INFO test_test_testenv_12 odoo.addons.test_testenv.tests.testenv: üêûaccount.invoice(10,).resource_edit(['action_invoice_cancel']) 
2023-02-01 19:45:40,727 23926 INFO test_test_testenv_12 odoo.addons.test_testenv.tests.testenv: üêû  account.invoice.action_invoice_cancel() 
2023-02-01 19:45:40,806 23926 INFO test_test_testenv_12 odoo.models.unlink: User #1 deleted account.move.line records with IDs: [24, 23, 22, 21, 20] 
2023-02-01 19:45:40,827 23926 INFO test_test_testenv_12 odoo.models.unlink: User #1 deleted account.move records with IDs: [8] 
2023-02-01 19:45:40,829 23926 INFO test_test_testenv_12 odoo.addons.test_testenv.tests.testenv: üêûaccount.invoice(10,).resource_edit(['action_invoice_draft']) 
2023-02-01 19:45:40,854 23926 INFO test_test_testenv_12 odoo.addons.test_testenv.tests.testenv: üêû  account.invoice.action_invoice_draft() 
2023-02-01 19:45:40,951 23926 INFO test_test_testenv_12 odoo.addons.test_testenv.tests.testenv: üêûwizard starting(Confirm Draft Invoices) 
2023-02-01 19:45:40,952 23926 INFO test_test_testenv_12 odoo.addons.test_testenv.tests.testenv: ‚ö† act_windows['multi'] does not match # of records! 
2023-02-01 19:45:40,956 23926 INFO test_test_testenv_12 odoo.addons.test_testenv.tests.testenv: üêû  account.invoice.confirm.invoice_confirm() 
2023-02-01 19:45:41,390 23926 INFO test_test_testenv_12 odoo.addons.test_testenv.tests.testenv: üêûaccount.invoice(9,).resource_edit(['account.action_account_invoice_payment']) 
2023-02-01 19:45:41,431 23926 INFO test_test_testenv_12 odoo.addons.test_testenv.tests.testenv: üêû  act_windows(account.action_account_invoice_payment) 
2023-02-01 19:45:41,432 23926 INFO test_test_testenv_12 odoo.addons.test_testenv.tests.testenv: üêûwizard starting(Register Payment) 
2023-02-01 19:45:41,434 23926 INFO test_test_testenv_12 odoo.addons.test_testenv.tests.testenv: üêû  skeys[account.payment] = ['partner_id'] 
2023-02-01 19:45:41,530 23926 INFO test_test_testenv_12 odoo.addons.test_testenv.tests.testenv: üêû  account.payment.post() 
2023-02-01 19:45:41,839 23926 INFO test_test_testenv_12 odoo.addons.test_testenv.tests.testenv: üêûaccount.move(9,).resource_edit(['button_cancel']) 
2023-02-01 19:45:41,851 23926 INFO test_test_testenv_12 odoo.addons.test_testenv.tests.testenv: üêûchilds_resource[account.move] = account.move.line 
2023-02-01 19:45:41,851 23926 INFO test_test_testenv_12 odoo.addons.test_testenv.tests.testenv: üêûchilds_name[account.move] = line_ids 
2023-02-01 19:45:41,855 23926 INFO test_test_testenv_12 odoo.addons.test_testenv.tests.testenv: üêû  parent_resource[account.move.line] = account.move 
2023-02-01 19:45:41,856 23926 INFO test_test_testenv_12 odoo.addons.test_testenv.tests.testenv: üêû  parent_name[account.move.line] = move_id 
2023-02-01 19:45:41,856 23926 INFO test_test_testenv_12 odoo.addons.test_testenv.tests.testenv: üêû  skeys[account.move.line] = ['partner_id'] 
2023-02-01 19:45:41,857 23926 INFO test_test_testenv_12 odoo.addons.test_testenv.tests.testenv: üêû  skeys[account.move] = ['partner_id'] 
2023-02-01 19:45:41,857 23926 INFO test_test_testenv_12 odoo.addons.test_testenv.tests.testenv: üêû  account.move.button_cancel() 
2023-02-01 19:45:41,864 23926 INFO test_test_testenv_12 odoo.addons.test_testenv.tests.testenv: ‚ö† No *2many value for account.move.line.[] 
2023-02-01 19:45:41,885 23926 INFO test_test_testenv_12 odoo.addons.test_testenv.tests.testenv: ‚ö† No *2many value for account.move.line.[] 
2023-02-01 19:45:41,894 23926 INFO test_test_testenv_12 odoo.addons.test_testenv.tests.testenv: üêûaccount.move(9,).resource_edit(['post']) 
2023-02-01 19:45:41,925 23926 INFO test_test_testenv_12 odoo.addons.test_testenv.tests.testenv: üêû  account.move.post() 
2023-02-01 19:45:41,968 23926 INFO test_test_testenv_12 odoo.addons.test_testenv.tests.test_testenv: üé∫ Testing validate_record() 
2023-02-01 19:45:42,100 23926 INFO test_test_testenv_12 odoo.addons.test_testenv.tests.testenv: üêûvalidate_records(template(Prima Alpha S.p.A.,Latte Beta Due s.n.c.), res.partner(42, 41)) 
2023-02-01 19:45:42,105 23926 INFO test_test_testenv_12 odoo.addons.test_testenv.tests.testenv: üêû ... assertEqual(template(Prima Alpha S.p.A.).name:'Prima Alpha S.p.A.', rec(42):'Prima Alpha S.p.A.') 
2023-02-01 19:45:42,105 23926 INFO test_test_testenv_12 odoo.addons.test_testenv.tests.testenv: üêû ... assertEqual(template(Prima Alpha S.p.A.).street:'Via I Maggio, 101', rec(42):'Via I Maggio, 101') 
2023-02-01 19:45:42,106 23926 INFO test_test_testenv_12 odoo.addons.test_testenv.tests.testenv: üêû ... assertEqual(template(Latte Beta Due s.n.c.).name:'Latte Beta Due s.n.c.', rec(41):'Latte Beta Due s.n.c.') 
2023-02-01 19:45:42,106 23926 INFO test_test_testenv_12 odoo.addons.test_testenv.tests.testenv: üêû ... assertEqual(template(Latte Beta Due s.n.c.).country_id:'base.it', rec(41):'res.country(109,)') 
2023-02-01 19:45:42,107 23926 INFO test_test_testenv_12 odoo.addons.test_testenv.tests.testenv: üêû4 assertion validated for validate_records(template(Prima Alpha S.p.A.,Latte Beta Due s.n.c.), res.partner(42, 41)) 
2023-02-01 19:45:42,107 23926 INFO test_test_testenv_12 odoo.addons.test_testenv.tests.testenv: üêûvalidate_records(template(1,2), res.partner(42, 41)) 
2023-02-01 19:45:42,108 23926 INFO test_test_testenv_12 odoo.addons.test_testenv.tests.testenv: üêû ... assertEqual(template(1).customer:'True', rec(42):'True') 
2023-02-01 19:45:42,108 23926 INFO test_test_testenv_12 odoo.addons.test_testenv.tests.testenv: üêû ... assertEqual(template(2).customer:'True', rec(41):'True') 
2023-02-01 19:45:42,108 23926 INFO test_test_testenv_12 odoo.addons.test_testenv.tests.testenv: üêû2 assertion validated for validate_records(template(1,2), res.partner(42, 41)) 
2023-02-01 19:45:42,109 23926 INFO test_test_testenv_12 odoo.addons.test_testenv.tests.testenv: ‚ö† No *2many value for account.payment.term.line.[] 
2023-02-01 19:45:42,109 23926 INFO test_test_testenv_12 odoo.addons.test_testenv.tests.testenv: üêûaccount.payment.term.cast_type() = {} 
2023-02-01 19:45:42,112 23926 INFO test_test_testenv_12 odoo.addons.test_testenv.tests.testenv: üêûvalidate_records(template(RiBA 30/60 GG), [account.payment.term(9,)]) 
2023-02-01 19:45:42,115 23926 INFO test_test_testenv_12 odoo.addons.test_testenv.tests.testenv: üêû ... assertEqual(template(RiBA 30/60 GG).name:'RiBA 30/60 GG', rec(9):'RiBA 30/60 GG') 
2023-02-01 19:45:42,115 23926 INFO test_test_testenv_12 odoo.addons.test_testenv.tests.testenv: üêû ... assertEqual(template(RiBA 30/60 GG.line_1).days:'30', rec(10):'30') 
2023-02-01 19:45:42,115 23926 INFO test_test_testenv_12 odoo.addons.test_testenv.tests.testenv: üêû ... assertEqual(template(RiBA 30/60 GG.line_1).value:'percent', rec(10):'percent') 
2023-02-01 19:45:42,115 23926 INFO test_test_testenv_12 odoo.addons.test_testenv.tests.testenv: üêû ... assertEqual(template(RiBA 30/60 GG.line_1).value_amount:'50', rec(10):'50.0') 
2023-02-01 19:45:42,116 23926 INFO test_test_testenv_12 odoo.addons.test_testenv.tests.testenv: üêû ... assertEqual(template(RiBA 30/60 GG.line_2).days:'60', rec(11):'60') 
2023-02-01 19:45:42,116 23926 INFO test_test_testenv_12 odoo.addons.test_testenv.tests.testenv: üêû ... assertEqual(template(RiBA 30/60 GG.line_2).value:'balance', rec(11):'balance') 
2023-02-01 19:45:42,116 23926 INFO test_test_testenv_12 odoo.addons.test_testenv.tests.testenv: üêû6 assertion validated for validate_records(template(RiBA 30/60 GG), [account.payment.term(9,)]) 
2023-02-01 19:45:42,138 23926 INFO test_test_testenv_12 odoo.addons.test_testenv.tests.testenv: üêûwizard starting(Wizard Example from menu) 
2023-02-01 19:45:42,150 23926 INFO test_test_testenv_12 odoo.addons.test_testenv.tests.testenv: üêû  wizard.example.menu.do_example() 
2023-02-01 19:45:42,210 23926 INFO test_test_testenv_12 odoo.models.unlink: User #1 deleted testenv.all.fields records with IDs: [2] 
2023-02-01 19:45:42,235 23926 INFO test_test_testenv_12 odoo.addons.test_testenv.tests.testenv: üêûwizard starting(Wizard Example from menu) 
2023-02-01 19:45:42,239 23926 INFO test_test_testenv_12 odoo.addons.test_testenv.tests.testenv: üêû  wizard.example.menu.do_example() 
2023-02-01 19:45:42,278 23926 INFO test_test_testenv_12 odoo.addons.test_testenv.tests.testenv: üêûvalidate_records(template(1,2,3), testenv.all.fields(3, 4, 5)) 
2023-02-01 19:45:42,282 23926 WARNING test_test_testenv_12 odoo.models: Comparing apples and oranges: res.currency(2,) == 2 (/home/odoo/12.0/zerobug-test/test_testenv/tests/testenv.py:2341) 
2023-02-01 19:45:42,286 23926 WARNING test_test_testenv_12 odoo.models: Comparing apples and oranges: res.currency(2,) == 2 (/home/odoo/12.0/zerobug-test/test_testenv/tests/testenv.py:2341) 
2023-02-01 19:45:42,287 23926 WARNING test_test_testenv_12 odoo.models: Comparing apples and oranges: res.currency(2,) == 2 (/home/odoo/12.0/zerobug-test/test_testenv/tests/testenv.py:2341) 
2023-02-01 19:45:42,288 23926 INFO test_test_testenv_12 odoo.addons.test_testenv.tests.testenv: üêû ... assertEqual(template(1).rank:'1', rec(3):'1') 
2023-02-01 19:45:42,288 23926 INFO test_test_testenv_12 odoo.addons.test_testenv.tests.testenv: üêû ... assertEqual(template(1).active:'True', rec(3):'True') 
2023-02-01 19:45:42,288 23926 INFO test_test_testenv_12 odoo.addons.test_testenv.tests.testenv: üêû ... assertEqual(template(1).currency_id:'2', rec(3):'res.currency(2,)') 
2023-02-01 19:45:42,288 23926 INFO test_test_testenv_12 odoo.addons.test_testenv.tests.testenv: üêû ... assertEqual(template(1).description:'I was born in Caserta', rec(3):'I was born in Caserta') 
2023-02-01 19:45:42,288 23926 INFO test_test_testenv_12 odoo.addons.test_testenv.tests.testenv: üêû ... assertEqual(template(1).amount:'1234.5', rec(3):'1234.5') 
2023-02-01 19:45:42,288 23926 INFO test_test_testenv_12 odoo.addons.test_testenv.tests.testenv: üêû ... assertEqual(template(1).date:'####-##-<1', rec(3):'2023-01-31') 
2023-02-01 19:45:42,289 23926 INFO test_test_testenv_12 odoo.addons.test_testenv.tests.testenv: üêû ... assertEqual(template(1).created_dt:'####-<1-01 10:00:59', rec(3):'2023-01-01 10:00:59') 
2023-02-01 19:45:42,289 23926 INFO test_test_testenv_12 odoo.addons.test_testenv.tests.testenv: üêû ... assertEqual(template(2).rank:'2', rec(4):'2') 
2023-02-01 19:45:42,289 23926 INFO test_test_testenv_12 odoo.addons.test_testenv.tests.testenv: üêû ... assertEqual(template(2).active:'1', rec(4):'True') 
2023-02-01 19:45:42,289 23926 INFO test_test_testenv_12 odoo.addons.test_testenv.tests.testenv: üêû ... assertEqual(template(2).description:'', rec(4):'') 
2023-02-01 19:45:42,289 23926 INFO test_test_testenv_12 odoo.addons.test_testenv.tests.testenv: üêû ... assertEqual(template(2).measure:'98.7', rec(4):'98.7') 
2023-02-01 19:45:42,289 23926 INFO test_test_testenv_12 odoo.addons.test_testenv.tests.testenv: üêû ... assertEqual(template(2).date:'####-##-<5', rec(4):'2023-01-27') 
2023-02-01 19:45:42,290 23926 INFO test_test_testenv_12 odoo.addons.test_testenv.tests.testenv: üêû ... assertEqual(template(2).created_dt:'####-<1-02 11:10:52', rec(4):'2023-01-02 11:10:52') 
2023-02-01 19:45:42,290 23926 INFO test_test_testenv_12 odoo.addons.test_testenv.tests.testenv: üêû ... assertEqual(template(3).rank:'3', rec(5):'3') 
2023-02-01 19:45:42,290 23926 INFO test_test_testenv_12 odoo.addons.test_testenv.tests.testenv: üêû ... assertEqual(template(3).state:'draft', rec(5):'draft') 
2023-02-01 19:45:42,290 23926 INFO test_test_testenv_12 odoo.addons.test_testenv.tests.testenv: üêû ... assertEqual(template(3).currency_id:'res.currency(2,)', rec(5):'res.currency(2,)') 
2023-02-01 19:45:42,290 23926 INFO test_test_testenv_12 odoo.addons.test_testenv.tests.testenv: üêû ... assertEqual(template(3).description:'We live in Turin', rec(5):'We live in Turin') 
2023-02-01 19:45:42,290 23926 INFO test_test_testenv_12 odoo.addons.test_testenv.tests.testenv: üêû ... assertEqual(template(3).date:'####-##-<14', rec(5):'2023-01-18') 
2023-02-01 19:45:42,290 23926 INFO test_test_testenv_12 odoo.addons.test_testenv.tests.testenv: üêû ... assertEqual(template(3).created_dt:'####-<1-03 12:20:45', rec(5):'2023-01-03 12:20:45') 
2023-02-01 19:45:42,291 23926 INFO test_test_testenv_12 odoo.addons.test_testenv.tests.testenv: üêû ... assertEqual(template(3).partner_ids:'(res.partner(42,), res.partner(41,))', rec(5):'res.partner(41, 42)') 
2023-02-01 19:45:42,291 23926 INFO test_test_testenv_12 odoo.addons.test_testenv.tests.testenv: üêû20 assertion validated for validate_records(template(1,2,3), testenv.all.fields(3, 4, 5)) 
2023-02-01 19:45:42,303 23926 INFO test_test_testenv_12 odoo.addons.test_testenv.tests.test_testenv: Ran 1 test in 10.488s 
2023-02-01 19:45:42,303 23926 INFO test_test_testenv_12 odoo.addons.test_testenv.tests.test_testenv: OK 
2023-02-01 19:45:42,303 23926 INFO test_test_testenv_12 odoo.modules.module: odoo.addons.test_testenv.tests.test_testenv tested in 10.49s, 4482 queries 
2023-02-01 19:45:42,331 23926 INFO test_test_testenv_12 odoo.modules.loading: 32 modules loaded in 13.67s, 4487 queries 
2023-02-01 19:45:43,658 23926 INFO test_test_testenv_12 odoo.modules.loading: Modules loaded. 
2023-02-01 19:45:43,851 23926 INFO test_test_testenv_12 odoo.service.server: Starting post tests 
2023-02-01 19:45:43,853 23926 INFO test_test_testenv_12 odoo.service.server: All post-tested in 0.00s, 0 queries 
2023-02-01 19:45:43,853 23926 INFO test_test_testenv_12 odoo.service.server: Initiating shutdown 
2023-02-01 19:45:43,853 23926 INFO test_test_testenv_12 odoo.service.server: Hit CTRL-C again or send a second signal to force the shutdown. 

+===================================================================
| please test [36mtest_testenv[0m (12.0): [32mSUCCESS![0m
+===================================================================

Name                                                      Stmts   Miss  Cover   Missing
---------------------------------------------------------------------------------------
zerobug-test/test_testenv/models/testenv_model.py            37      0   100%
zerobug-test/test_testenv/tests/test_testenv.py             288     17    94%   1010-1061
zerobug-test/test_testenv/tests/testenv.py                  863     36    96%   709, 739, 1060, 1140, 1166-1170, 1225, 1250, 1605, 1739-1740, 1790, 1827-1838, 1852-1856, 1858-1859, 2125-2139, 2255, 2305-2306
zerobug-test/test_testenv/wizard/wizard_example_menu.py      34      5    85%   32, 34, 36, 42, 113
---------------------------------------------------------------------------------------
TOTAL                                                      1222     58    95%
